/Users/tatiana/Desktop/ML Projects/SEP25-BDS-Claim-Prediction/fraud-detector/app.py:82: PydanticDeprecatedSince20: Support for class-based `config` is deprecated, use ConfigDict instead. Deprecated in Pydantic V2.0 to be removed in V3.0. See Pydantic V2 Migration Guide at https://errors.pydantic.dev/2.12/migration/
  class ClaimInput(BaseModel):
/Users/tatiana/Desktop/ML Projects/SEP25-BDS-Claim-Prediction/fraud-detector/app.py:220: DeprecationWarning: 
        on_event is deprecated, use lifespan event handlers instead.

        Read more about it in the
        [FastAPI docs for Lifespan Events](https://fastapi.tiangolo.com/advanced/events/).
        
  @app.on_event("startup")
/Users/tatiana/Desktop/ML Projects/SEP25-BDS-Claim-Prediction/fraud-detector/app.py:745: DeprecationWarning: `regex` has been deprecated, please use `pattern` instead
  model: str = Query("xgb", regex="^(xgb|rf|et)$"),
/Users/tatiana/Desktop/ML Projects/SEP25-BDS-Claim-Prediction/fraud-detector/app.py:746: DeprecationWarning: `regex` has been deprecated, please use `pattern` instead
  scenario: str = Query("dashboard", regex="^(dashboard|auto_flagger|underwriter)$"),
INFO:     Started server process [93097]
INFO:     Waiting for application startup.
INFO:__main__:Loaded model: RandomForest_calibrated
INFO:__main__:Loaded model: RandomForest_uncalibrated
INFO:__main__:Loaded model: ExtraTrees_calibrated
INFO:__main__:Loaded model: ExtraTrees_uncalibrated
INFO:__main__:Loaded model: XGBoost_calibrated
INFO:__main__:Loaded model: XGBoost_uncalibrated
INFO:__main__:Loaded model: VotingEnsemble_calibrated
INFO:__main__:Loaded model: VotingEnsemble_uncalibrated
INFO:__main__:Total models loaded: 8
INFO:__main__:Loaded processed SHAP background: (100, 171)
INFO:__main__:Loaded 171 feature names.
INFO:__main__:Loaded Trend Registry.
INFO:__main__:Initialized SHAP for ExtraTrees_uncalibrated (Canonical Explanation Source)
INFO:     Application startup complete.
INFO:     Uvicorn running on http://0.0.0.0:8000 (Press CTRL+C to quit)
